------------------------------------------------------------
TimeQuest Timing Analyzer Summary
------------------------------------------------------------

Type  : Slow 1200mV 85C Model Setup 'frequency_divider:freq_div_inst|toggle_reg'
Slack : -2.225
TNS   : -30.274

Type  : Slow 1200mV 85C Model Setup 'clk_50mhz'
Slack : -1.287
TNS   : -5.522

Type  : Slow 1200mV 85C Model Hold 'clk_50mhz'
Slack : -0.163
TNS   : -0.163

Type  : Slow 1200mV 85C Model Hold 'frequency_divider:freq_div_inst|toggle_reg'
Slack : 0.356
TNS   : 0.000

Type  : Slow 1200mV 85C Model Minimum Pulse Width 'clk_50mhz'
Slack : -3.000
TNS   : -10.000

Type  : Slow 1200mV 85C Model Minimum Pulse Width 'frequency_divider:freq_div_inst|toggle_reg'
Slack : -1.000
TNS   : -23.000

Type  : Slow 1200mV 0C Model Setup 'frequency_divider:freq_div_inst|toggle_reg'
Slack : -1.873
TNS   : -24.514

Type  : Slow 1200mV 0C Model Setup 'clk_50mhz'
Slack : -1.052
TNS   : -4.200

Type  : Slow 1200mV 0C Model Hold 'clk_50mhz'
Slack : -0.154
TNS   : -0.154

Type  : Slow 1200mV 0C Model Hold 'frequency_divider:freq_div_inst|toggle_reg'
Slack : 0.310
TNS   : 0.000

Type  : Slow 1200mV 0C Model Minimum Pulse Width 'clk_50mhz'
Slack : -3.000
TNS   : -10.000

Type  : Slow 1200mV 0C Model Minimum Pulse Width 'frequency_divider:freq_div_inst|toggle_reg'
Slack : -1.000
TNS   : -23.000

Type  : Fast 1200mV 0C Model Setup 'frequency_divider:freq_div_inst|toggle_reg'
Slack : -0.797
TNS   : -7.101

Type  : Fast 1200mV 0C Model Setup 'clk_50mhz'
Slack : -0.289
TNS   : -0.624

Type  : Fast 1200mV 0C Model Hold 'clk_50mhz'
Slack : -0.178
TNS   : -0.178

Type  : Fast 1200mV 0C Model Hold 'frequency_divider:freq_div_inst|toggle_reg'
Slack : 0.187
TNS   : 0.000

Type  : Fast 1200mV 0C Model Minimum Pulse Width 'clk_50mhz'
Slack : -3.000
TNS   : -10.224

Type  : Fast 1200mV 0C Model Minimum Pulse Width 'frequency_divider:freq_div_inst|toggle_reg'
Slack : -1.000
TNS   : -23.000

------------------------------------------------------------
