------------------------------------------------------------
TimeQuest Timing Analyzer Summary
------------------------------------------------------------

Type  : Slow Model Setup 'clk'
Slack : -2.924
TNS   : -29.621

Type  : Slow Model Setup 'clk_prescaler:U1_CLK_PRESCALER|s_clk_out'
Slack : -1.107
TNS   : -5.718

Type  : Slow Model Hold 'clk'
Slack : -2.694
TNS   : -2.694

Type  : Slow Model Hold 'clk_prescaler:U1_CLK_PRESCALER|s_clk_out'
Slack : 0.445
TNS   : 0.000

Type  : Slow Model Minimum Pulse Width 'clk'
Slack : -1.631
TNS   : -21.183

Type  : Slow Model Minimum Pulse Width 'clk_prescaler:U1_CLK_PRESCALER|s_clk_out'
Slack : -0.611
TNS   : -9.776

Type  : Fast Model Setup 'clk'
Slack : -0.524
TNS   : -4.075

Type  : Fast Model Setup 'clk_prescaler:U1_CLK_PRESCALER|s_clk_out'
Slack : 0.189
TNS   : 0.000

Type  : Fast Model Hold 'clk'
Slack : -1.722
TNS   : -1.722

Type  : Fast Model Hold 'clk_prescaler:U1_CLK_PRESCALER|s_clk_out'
Slack : 0.215
TNS   : 0.000

Type  : Fast Model Minimum Pulse Width 'clk'
Slack : -1.380
TNS   : -17.380

Type  : Fast Model Minimum Pulse Width 'clk_prescaler:U1_CLK_PRESCALER|s_clk_out'
Slack : -0.500
TNS   : -8.000

------------------------------------------------------------
